---
source: tests/markdown_tests.rs
description: callout_title_is_optional
info: "> warning\n> \n> The content"
---
ParsedMarkdown {
    html: "<div class=\"callout warning\"><div class=\"callout-content\">\n<p>The content</p>\n</div></div>",
    preview: "warning",
    headings: [],
    links: [],
    blocks: {},
}
