---
source: tests/markdown_tests.rs
description: Supports callout blocks
info: "> info An Note\n>\n> The content\n>\n> More content\n\n---\n\n> notice An Note\n>\n> The content\n>\n> More content\n\n---\n\n> success An Note\n>\n> The content\n>\n> More content\n\n---\n\n> warn An Note\n>\n> The content\n>\n> More content\n\n---\n\n> warning An Note\n>\n> The content\n>\n> More content\n\n---\n\n> error An Note\n>\n> The content\n>\n> More content"
---
ParsedMarkdown {
    html: "<div class=\"callout info\"><p class=\"callout-title\">An Note</p>\n<p>The content</p>\n<p>More content</p>\n</div>\n<hr />\n<div class=\"callout info\"><p class=\"callout-title\">An Note</p>\n<p>The content</p>\n<p>More content</p>\n</div>\n<hr />\n<div class=\"callout success\"><p class=\"callout-title\">An Note</p>\n<p>The content</p>\n<p>More content</p>\n</div>\n<hr />\n<div class=\"callout warning\"><p class=\"callout-title\">An Note</p>\n<p>The content</p>\n<p>More content</p>\n</div>\n<hr />\n<div class=\"callout warning\"><p class=\"callout-title\">An Note</p>\n<p>The content</p>\n<p>More content</p>\n</div>\n<hr />\n<div class=\"callout error\"><p class=\"callout-title\">An Note</p>\n<p>The content</p>\n<p>More content</p>\n</div>",
    preview: "info An Note",
    headings: [],
    links: [],
    blocks: {},
}
