---
source: src/navigation.rs
description: Sort alphanumerically
---
[
    Link {
        path: "/001",
        title: "bb",
        children: [],
        index: 4294967295,
    },
    Link {
        path: "/002",
        title: "11",
        children: [],
        index: 4294967295,
    },
    Link {
        path: "/child2/",
        title: "Index",
        children: [
            Link {
                path: "/child2/001",
                title: "123",
                children: [],
                index: 4294967295,
            },
            Link {
                path: "/child2/002",
                title: "aa",
                children: [],
                index: 4294967295,
            },
            Link {
                path: "/child2/003",
                title: "cc",
                children: [],
                index: 4294967295,
            },
            Link {
                path: "/child2/004",
                title: "bb",
                children: [],
                index: 4294967295,
            },
        ],
        index: 4294967295,
    },
    Link {
        path: "/child/",
        title: "Index",
        children: [
            Link {
                path: "/child/001",
                title: "BB",
                children: [],
                index: 4294967295,
            },
            Link {
                path: "/child/002",
                title: "22",
                children: [],
                index: 4294967295,
            },
            Link {
                path: "/child/003",
                title: "AA",
                children: [],
                index: 4294967295,
            },
            Link {
                path: "/child/004",
                title: "11",
                children: [],
                index: 4294967295,
            },
        ],
        index: 4294967295,
    },
]
