---
source: src/navigation.rs
description: Manual menu nested
---
[
    Link {
        src: "one.md",
        children: [],
        path: "/one",
        title: "One",
    },
    Link {
        src: "child",
        children: [
            Link {
                src: "child/nested",
                children: [
                    Link {
                        src: "child/nested/four.md",
                        children: [],
                        path: "/child/nested/four",
                        title: "Four",
                    },
                ],
                path: "/child/nested/",
                title: "Nested Root",
            },
        ],
        path: "/child/",
        title: "Nested Root",
    },
]
